// Jest Snapshot v1, https://goo.gl/fbAQLP

exports[`Checkbox Group test checkbox group snapshot 1`] = `
<div
  className="ns-checkbox-group"
  style={undefined}
>
  <label
    className="ns-checkbox-wrapper"
    htmlFor={undefined}
    style={undefined}
  >
    <span
      className="ns-checkbox"
    >
      <input
        checked={false}
        className="ns-checkbox-ipt"
        disabled={undefined}
        name="cbox1"
        onChange={[Function]}
        type="checkbox"
        value="chi"
      />
      <span
        className="ns-checkbox-inner"
      />
    </span>
    <span
      className="ns-checkbox-label"
    >
      语文
    </span>
  </label>
  <label
    className="ns-checkbox-wrapper"
    htmlFor={undefined}
    style={undefined}
  >
    <span
      className="ns-checkbox"
    >
      <input
        checked={false}
        className="ns-checkbox-ipt"
        disabled={undefined}
        name="cbox1"
        onChange={[Function]}
        type="checkbox"
        value="mat"
      />
      <span
        className="ns-checkbox-inner"
      />
    </span>
    <span
      className="ns-checkbox-label"
    >
      数学
    </span>
  </label>
  <label
    className="ns-checkbox-wrapper"
    htmlFor={undefined}
    style={undefined}
  >
    <span
      className="ns-checkbox"
    >
      <input
        checked={false}
        className="ns-checkbox-ipt"
        disabled={undefined}
        name="cbox1"
        onChange={[Function]}
        type="checkbox"
        value="eng"
      />
      <span
        className="ns-checkbox-inner"
      />
    </span>
    <span
      className="ns-checkbox-label"
    >
      英语
    </span>
  </label>
  <label
    className="ns-checkbox-wrapper"
    htmlFor={undefined}
    style={undefined}
  >
    <span
      className="ns-checkbox"
    >
      <input
        checked={false}
        className="ns-checkbox-ipt"
        disabled={undefined}
        name="cbox1"
        onChange={[Function]}
        type="checkbox"
        value="phy"
      />
      <span
        className="ns-checkbox-inner"
      />
    </span>
    <span
      className="ns-checkbox-label"
    >
      物理
    </span>
  </label>
  <label
    className="ns-checkbox-wrapper"
    htmlFor={undefined}
    style={undefined}
  >
    <span
      className="ns-checkbox"
    >
      <input
        checked={false}
        className="ns-checkbox-ipt"
        disabled={undefined}
        name="cbox1"
        onChange={[Function]}
        type="checkbox"
        value="che"
      />
      <span
        className="ns-checkbox-inner"
      />
    </span>
    <span
      className="ns-checkbox-label"
    >
      化学
    </span>
  </label>
  <label
    className="ns-checkbox-wrapper"
    htmlFor={undefined}
    style={undefined}
  >
    <span
      className="ns-checkbox"
    >
      <input
        checked={false}
        className="ns-checkbox-ipt"
        disabled={undefined}
        name="cbox1"
        onChange={[Function]}
        type="checkbox"
        value="bio"
      />
      <span
        className="ns-checkbox-inner"
      />
    </span>
    <span
      className="ns-checkbox-label"
    >
      生物
    </span>
  </label>
</div>
`;
