// Jest Snapshot v1, https://goo.gl/fbAQLP

exports[`Radio Group test radio group snapshot 1`] = `
<div
  className="ns-radio-group"
  style={undefined}
>
  <label
    className="ns-radio-wrapper"
    htmlFor={undefined}
    style={undefined}
  >
    <span
      className="ns-radio"
    >
      <input
        checked={false}
        className="ns-radio-ipt"
        disabled={undefined}
        name="course1"
        onChange={[Function]}
        type="radio"
        value="chi"
      />
      <span
        className="ns-radio-inner"
      >
        <span
          className="ns-radio-inner-circle"
        />
      </span>
    </span>
    <span
      className="ns-radio-label"
    >
      语文
    </span>
  </label>
  <label
    className="ns-radio-wrapper"
    htmlFor={undefined}
    style={undefined}
  >
    <span
      className="ns-radio"
    >
      <input
        checked={false}
        className="ns-radio-ipt"
        disabled={undefined}
        name="course1"
        onChange={[Function]}
        type="radio"
        value="mat"
      />
      <span
        className="ns-radio-inner"
      >
        <span
          className="ns-radio-inner-circle"
        />
      </span>
    </span>
    <span
      className="ns-radio-label"
    >
      数学
    </span>
  </label>
  <label
    className="ns-radio-wrapper"
    htmlFor={undefined}
    style={undefined}
  >
    <span
      className="ns-radio"
    >
      <input
        checked={false}
        className="ns-radio-ipt"
        disabled={undefined}
        name="course1"
        onChange={[Function]}
        type="radio"
        value="eng"
      />
      <span
        className="ns-radio-inner"
      >
        <span
          className="ns-radio-inner-circle"
        />
      </span>
    </span>
    <span
      className="ns-radio-label"
    >
      英语
    </span>
  </label>
  <label
    className="ns-radio-wrapper"
    htmlFor={undefined}
    style={undefined}
  >
    <span
      className="ns-radio"
    >
      <input
        checked={false}
        className="ns-radio-ipt"
        disabled={undefined}
        name="course1"
        onChange={[Function]}
        type="radio"
        value="phy"
      />
      <span
        className="ns-radio-inner"
      >
        <span
          className="ns-radio-inner-circle"
        />
      </span>
    </span>
    <span
      className="ns-radio-label"
    >
      物理
    </span>
  </label>
  <label
    className="ns-radio-wrapper"
    htmlFor={undefined}
    style={undefined}
  >
    <span
      className="ns-radio"
    >
      <input
        checked={false}
        className="ns-radio-ipt"
        disabled={undefined}
        name="course1"
        onChange={[Function]}
        type="radio"
        value="che"
      />
      <span
        className="ns-radio-inner"
      >
        <span
          className="ns-radio-inner-circle"
        />
      </span>
    </span>
    <span
      className="ns-radio-label"
    >
      化学
    </span>
  </label>
  <label
    className="ns-radio-wrapper"
    htmlFor={undefined}
    style={undefined}
  >
    <span
      className="ns-radio"
    >
      <input
        checked={false}
        className="ns-radio-ipt"
        disabled={undefined}
        name="course1"
        onChange={[Function]}
        type="radio"
        value="bio"
      />
      <span
        className="ns-radio-inner"
      >
        <span
          className="ns-radio-inner-circle"
        />
      </span>
    </span>
    <span
      className="ns-radio-label"
    >
      生物
    </span>
  </label>
</div>
`;
